TotalStations UniqueUFIs
------------- -----------
2405          2405

(1 row affected)

ACTIVE                                             StationCount
-------------------------------------------------- ------------
Not Current                                        1921
Current                                            484

(2 rows affected)

MONITOR_TY                                                                                           StationCount
---------------------------------------------------------------------------------------------------- ------------
Groundwater Level Gauge                                                                              2405

(1 row affected)

EarliestCommence                                   LatestCommence
-------------------------------------------------- --------------------------------------------------
19520501000000                                     20161102000000

(1 row affected)

GRDATUM                                            StationCount
-------------------------------------------------- ------------
MGA94                                              2331
UTM                                                64
AMG84                                              7
GDA94                                              3

(4 rows affected)

UFI         STATION                                            STATION_NA                                                                                                                                                                                                                                                      ACTIVE                                             COMMENCE                                           CEASE                                              LATITUDE                                LONGITUDE
----------- -------------------------------------------------- --------------------------------------------------------------------------------------------------------------------------------------------------------------------------------------------------------------------------------------------------------------- -------------------------------------------------- -------------------------------------------------- -------------------------------------------------- --------------------------------------- ---------------------------------------
30          G0050115                                           Hugh River - S Road Xng                                                                                                                                                                                                                                         Current                                            19720518000000                                     NULL                                               -24.352296                              133.434659
42          G0050139                                           Finke River - Hermannsberg Misson                                                                                                                                                                                                                               Not Current                                        19600525000000                                     19921222000000                                     -23.965230                              132.767941
66          G0060008                                           Roe Crk - S Road Xng                                                                                                                                                                                                                                            Current                                            19670307000000                                     NULL                                               -23.816660                              133.841994
72          G0060009                                           Todd River - Anzac Oval                                                                                                                                                                                                                                         Current                                            19590801000000                                     NULL                                               -23.695057                              133.885069
88          G0060040                                           Todd River - Amoonguna                                                                                                                                                                                                                                          Current                                            19780926000000                                     NULL                                               -23.764156                              133.917470
99          G0060046                                           Todd River - Wigley Gorge                                                                                                                                                                                                                                       Current                                            19620110000000                                     NULL                                               -23.634131                              133.882433
105         G0060047                                           Charles River - Big Dipper                                                                                                                                                                                                                                      Current                                            19580713000000                                     NULL                                               -23.648005                              133.864017
107         G0060126                                           Todd River - Heavitree Gap                                                                                                                                                                                                                                      Current                                            19590802000000                                     NULL                                               -23.728435                              133.864841
126         G0260005                                           Kintore Crk                                                                                                                                                                                                                                                     Not Current                                        19940901000000                                     NULL                                               -23.296519                              129.387340
135         G0280005                                           Newcastle Crk - Longreach W/Hole                                                                                                                                                                                                                                Not Current                                        19660112000000                                     20050915000000                                     -17.598551                              134.417854

(10 rows affected)


Completion time: 2026-09-11T17:07:19.9333567+09:30
