STATUS                                             Samples     AveragePH                               AverageEC                               AverageTDS                              AverageHardness
-------------------------------------------------- ----------- --------------------------------------- --------------------------------------- --------------------------------------- ---------------------------------------
Current                                            79797       7.176618                                1980.453595                             1157.595409                             455.193346
Historical                                         5210        7.200086                                4029.834216                             2581.735823                             829.881215
Warning: Null value is eliminated by an aggregate or other SET operation.

(2 rows affected)

PURPOSE                                                                                              Samples     AveragePH                               AverageEC                               AverageTDS
---------------------------------------------------------------------------------------------------- ----------- --------------------------------------- --------------------------------------- ---------------------------------------
Monitoring                                                                                           7391        7.439960                                3671.376252                             1716.974290
Investigation                                                                                        9269        6.821391                                2842.447030                             1332.754740
Production                                                                                           43508       7.267035                                2039.891486                             1291.279434
Unknown                                                                                              24838       7.011696                                1291.338990                             892.188351
NULL                                                                                                 1           NULL                                    NULL                                    NULL
Warning: Null value is eliminated by an aggregate or other SET operation.

(5 rows affected)

RISK_CLASS                              Samples     AveragePH                               AverageEC                               AverageTDS                              AverageHardness
--------------------------------------- ----------- --------------------------------------- --------------------------------------- --------------------------------------- ---------------------------------------
0.0                                     1           NULL                                    NULL                                    NULL                                    NULL
1.0                                     30016       7.137190                                1358.284518                             765.741037                              311.392691
2.0                                     14001       7.036747                                2893.452434                             1255.811026                             708.589251
3.0                                     19484       7.496856                                3251.452002                             1853.133885                             635.837710
4.0                                     21505       6.924653                                1314.897068                             1215.535076                             376.852317
Warning: Null value is eliminated by an aggregate or other SET operation.

(5 rows affected)

BORE_NO                                            BORE_NAME                                                                                                                                                                                                                                                       STATUS                                             PURPOSE                                                                                              RISK_CLASS                              YIELD                                   AverageTDS                              AverageEC                               SampleCount
-------------------------------------------------- --------------------------------------------------------------------------------------------------------------------------------------------------------------------------------------------------------------------------------------------------------------- -------------------------------------------------- ---------------------------------------------------------------------------------------------------- --------------------------------------- --------------------------------------- --------------------------------------- --------------------------------------- -----------
RN027850                                           WR 91/1 NTU AQUACULTURE P=9198                                                                                                                                                                                                                                  Current                                            Production                                                                                           1.0                                     2.00                                    53314.285714                            73820.000000                            7
RN004960                                           A83/5 NO2 SALTY DUD  N/TRACE 4KM (WNW) OF WILSONS CAVE?                                                                                                                                                                                                         Current                                            Production                                                                                           3.0                                     1.30                                    48233.333333                            NULL                                    3
RN031329                                           Middle Point                                                                                                                                                                                                                                                    Current                                            Investigation                                                                                        1.0                                     12.00                                   46460.000000                            60342.857142                            7
RN012722                                           Monitoring Bore Commonage Area                                                                                                                                                                                                                                  Current                                            Monitoring                                                                                           2.0                                     0.00                                    30756.120000                            48461.440000                            25
RN012442                                           Power and Water Monitoring Bore Forestry Block                                                                                                                                                                                                                  Current                                            Monitoring                                                                                           2.0                                     1.50                                    28628.800000                            33840.000000                            5
RN016860                                           Investigation Bore Dud Central Mount Wedge Area                                                                                                                                                                                                                 Historical                                         Investigation                                                                                        3.0                                     20.00                                   23500.909090                            31392.727272                            11
RN002774                                           D/R 2ND ATT. 1.5LPS SALT DUD 3.2K SE OF COTTON BUSH DAM                                                                                                                                                                                                         Historical                                         Production                                                                                           3.0                                     1.50                                    19242.250000                            NULL                                    4
RN016883                                           Roads Bore Production Tanami Highway                                                                                                                                                                                                                            Current                                            Production                                                                                           1.0                                     8.00                                    18836.666666                            26400.000000                            3
RN012439                                           Monitoring Bore Commonage Area                                                                                                                                                                                                                                  Current                                            Monitoring                                                                                           2.0                                     0.00                                    14940.666666                            23290.833333                            6
RN016606                                           Alice Springs Town Basin                                                                                                                                                                                                                                        Current                                            Monitoring                                                                                           1.0                                     0.10                                    14720.857142                            19922.857142                            7
RN003928                                           ORLANDO WORKINGS. NO TRACE ORLANDO MINE AREA                                                                                                                                                                                                                    Current                                            Unknown                                                                                              4.0                                     NULL                                    14452.000000                            NULL                                    3
RN002693                                           ALECS BORE 5"CAS SALTY   ABD APX 4K NNE OF GEFFS DAM                                                                                                                                                                                                            Current                                            Unknown                                                                                              4.0                                     NULL                                    14346.000000                            NULL                                    3
RN003288                                           BOKHARA  BORE. 22KM (N) OF MARYVALE HOMESTEAD                                                                                                                                                                                                                   Current                                            Production                                                                                           4.0                                     NULL                                    13257.500000                            17832.500000                            4
RN011015                                           Power and Water Monitoring Bore                                                                                                                                                                                                                                 Current                                            Monitoring                                                                                           3.0                                     0.00                                    12453.375000                            15595.000000                            8
RN003821                                           A48/1 2ATT 200FT 0.03LPS N/T 9 FURLONGS EAST OF H/STEAD                                                                                                                                                                                                         Current                                            Production                                                                                           3.0                                     0.10                                    11855.333333                            NULL                                    3
Warning: Null value is eliminated by an aggregate or other SET operation.

(15 rows affected)

BORE_NO                                            BORE_NAME                                                                                                                                                                                                                                                       STATUS                                             PURPOSE                                                                                              RISK_CLASS                              YIELD                                   AverageTDS                              AverageEC                               AveragePH                               SampleCount
-------------------------------------------------- --------------------------------------------------------------------------------------------------------------------------------------------------------------------------------------------------------------------------------------------------------------- -------------------------------------------------- ---------------------------------------------------------------------------------------------------- --------------------------------------- --------------------------------------- --------------------------------------- --------------------------------------- --------------------------------------- -----------
RN007929                                           SITE E ADV.23/72 BILLENGARAH STN                                                                                                                                                                                                                                Current                                            Production                                                                                           3.0                                     256.00                                  490.000000                              690.000000                              8.200000                                1
RN006464                                           NO.2 FARM "E" BORE TIPPERARY STATION                                                                                                                                                                                                                            Historical                                         Production                                                                                           1.0                                     125.00                                  2088.000000                             2270.000000                             7.040000                                6
RN006467                                           NO.2 FARM  BORE "C" TIPPERARY STATION                                                                                                                                                                                                                           Historical                                         Production                                                                                           3.0                                     125.00                                  2551.875000                             2582.500000                             7.012500                                11
RN004942                                           SHADY CAMP NO 4 ROSEWOOD STN                                                                                                                                                                                                                                    Current                                            Production                                                                                           2.0                                     120.60                                  634.000000                              817.666666                              7.800000                                3
RN030802                                           M. WAINRIGHT BORE No 1/96 LARRAKEYAH                                                                                                                                                                                                                            Current                                            Production                                                                                           1.0                                     100.00                                  414.000000                              715.000000                              7.000000                                3
RN036081                                           PEANUT COMPANY OF AUSTRALIA (EAGLE PARK KATHERINE)                                                                                                                                                                                                              Current                                            Production                                                                                           1.0                                     100.00                                  370.000000                              660.000000                              7.500000                                6
RN024454                                           SPRINGVALE 1/85 SHADFORTH RD                                                                                                                                                                                                                                    Current                                            Unknown                                                                                              3.0                                     100.00                                  345.500000                              609.500000                              7.350000                                8
RN024683                                           ROWLANDS A 912 FLORINA RD                                                                                                                                                                                                                                       Current                                            Production                                                                                           3.0                                     100.00                                  387.500000                              666.333333                              7.650000                                61
RN013407                                           P 21 [PROD-USE] 34M N OF RN 12808 ROE CREEK                                                                                                                                                                                                                     Current                                            Unknown                                                                                              3.0                                     100.00                                  391.428571                              667.857142                              7.357142                                9
RN036685                                           OOLLOO FARM MANAGEMENT (MANGO LAND PTY LTD)                                                                                                                                                                                                                     Current                                            Production                                                                                           1.0                                     100.00                                  975.000000                              1515.000000                             7.250000                                7
RN030949                                           J. & M. PLANT BORE 2/97 GARABALDI DOUGLAS DALY                                                                                                                                                                                                                  Current                                            Production                                                                                           1.0                                     100.00                                  392.000000                              690.500000                              7.166666                                3
RN034903                                           MANBULLOO MANGOES                                                                                                                                                                                                                                               Current                                            Production                                                                                           1.0                                     100.00                                  335.000000                              574.500000                              7.950000                                7
RN006466                                           ISLAND BLOCK "D" TIPPERARY STATION                                                                                                                                                                                                                              Current                                            Production                                                                                           1.0                                     87.50                                   710.000000                              814.285714                              7.285714                                7
RN013408                                           P 23 PACOOTA BORE [PROD-USE] ROE CREEK BORE FIELD.                                                                                                                                                                                                              Current                                            Unknown                                                                                              3.0                                     80.00                                   484.166666                              837.500000                              7.228333                                11
RN030110                                           A.G. & S. BROOKS BORE No 2 L=2748 S=339 H=STRANGWAYS                                                                                                                                                                                                            Current                                            Production                                                                                           2.0                                     76.00                                   179.000000                              296.000000                              6.600000                                1
Warning: Null value is eliminated by an aggregate or other SET operation.

(15 rows affected)

CurrentMonitoringStations AverageYield                            AverageRiskClass
------------------------- --------------------------------------- ---------------------------------------
484                       1.119602                                2.979338
Warning: Null value is eliminated by an aggregate or other SET operation.

(1 row affected)

STATUS                                             ACTIVE                                             StationCount
-------------------------------------------------- -------------------------------------------------- ------------
Current                                            Current                                            379
Current                                            Not Current                                        1564
Historical                                         Current                                            105
Historical                                         Not Current                                        357

(4 rows affected)


Completion time: 2026-09-11T17:13:22.4034178+09:30
