PURPOSE                                                                                              BoreCount   AverageYield                            MaximumYield
---------------------------------------------------------------------------------------------------- ----------- --------------------------------------- ---------------------------------------
Monitoring                                                                                           1607        4.890454                                64.00
NULL                                                                                                 2766        4.142201                                150.00
Production                                                                                           21480       3.590004                                1140.00
Investigation                                                                                        4273        2.935644                                62.50
Unknown                                                                                              3694        1.931432                                100.00

(5 rows affected)

RISK_CLASS                              BoreCount   AverageYield                            MaximumYield
--------------------------------------- ----------- --------------------------------------- ---------------------------------------
0.0                                     2767        4.141969                                150.00
1.0                                     14401       4.887691                                1140.00
2.0                                     5590        2.913146                                200.00
3.0                                     10761       1.637279                                256.00
4.0                                     301         1.184651                                30.00

(5 rows affected)

STATUS                                             BoreCount   AverageYield                            MaximumYield
-------------------------------------------------- ----------- --------------------------------------- ---------------------------------------
Current                                            28627       3.800854                                1140.00
Historical                                         5193        1.405977                                125.00

(2 rows affected)

STATUS                                             BoreCount   WaterQualitySamples
-------------------------------------------------- ----------- -------------------
Current                                            35504       79797
Historical                                         7721        5210
Warning: Null value is eliminated by an aggregate or other SET operation.

(2 rows affected)

UFI         BORE_NO                                            BORE_NAME                                                                                                                                                                                                                                                       YIELD                                   STATUS                                             PURPOSE                                                                                              SAMPLEDATE                                         TDS                                     EC_LAB                                  PH_LAB
----------- -------------------------------------------------- --------------------------------------------------------------------------------------------------------------------------------------------------------------------------------------------------------------------------------------------------------------- --------------------------------------- -------------------------------------------------- ---------------------------------------------------------------------------------------------------- -------------------------------------------------- --------------------------------------- --------------------------------------- ---------------------------------------
7600        RN007929                                           SITE E ADV.23/72 BILLENGARAH STN                                                                                                                                                                                                                                256.00                                  Current                                            Production                                                                                           1972-07-08 00:00:00                                490.000                                 690.000                                 8.200
6184        RN006467                                           NO.2 FARM  BORE "C" TIPPERARY STATION                                                                                                                                                                                                                           125.00                                  Historical                                         Production                                                                                           1969-04-19 00:00:00                                2680.000                                2800.000                                7.000
6184        RN006467                                           NO.2 FARM  BORE "C" TIPPERARY STATION                                                                                                                                                                                                                           125.00                                  Historical                                         Production                                                                                           1989-01-19 00:00:00                                2670.000                                2600.000                                7.000
6184        RN006467                                           NO.2 FARM  BORE "C" TIPPERARY STATION                                                                                                                                                                                                                           125.00                                  Historical                                         Production                                                                                           1986-04-03 00:00:00                                2660.000                                2630.000                                7.000
6184        RN006467                                           NO.2 FARM  BORE "C" TIPPERARY STATION                                                                                                                                                                                                                           125.00                                  Historical                                         Production                                                                                           1982-10-06 00:00:00                                2560.000                                2680.000                                6.800
6184        RN006467                                           NO.2 FARM  BORE "C" TIPPERARY STATION                                                                                                                                                                                                                           125.00                                  Historical                                         Production                                                                                           1977-04-28 00:00:00                                2520.000                                2550.000                                6.700
6184        RN006467                                           NO.2 FARM  BORE "C" TIPPERARY STATION                                                                                                                                                                                                                           125.00                                  Historical                                         Production                                                                                           1969-08-29 00:00:00                                2480.000                                2350.000                                7.400
6184        RN006467                                           NO.2 FARM  BORE "C" TIPPERARY STATION                                                                                                                                                                                                                           125.00                                  Historical                                         Production                                                                                           1998-11-26 00:00:00                                2435.000                                2550.000                                7.000
6184        RN006467                                           NO.2 FARM  BORE "C" TIPPERARY STATION                                                                                                                                                                                                                           125.00                                  Historical                                         Production                                                                                           1969-06-12 00:00:00                                2410.000                                2500.000                                7.200
6181        RN006464                                           NO.2 FARM "E" BORE TIPPERARY STATION                                                                                                                                                                                                                            125.00                                  Historical                                         Production                                                                                           1989-01-19 00:00:00                                2320.000                                2350.000                                7.100
6181        RN006464                                           NO.2 FARM "E" BORE TIPPERARY STATION                                                                                                                                                                                                                            125.00                                  Historical                                         Production                                                                                           1977-04-28 00:00:00                                2110.000                                2480.000                                7.000
6181        RN006464                                           NO.2 FARM "E" BORE TIPPERARY STATION                                                                                                                                                                                                                            125.00                                  Historical                                         Production                                                                                           1982-10-06 00:00:00                                2080.000                                2250.000                                6.900
6181        RN006464                                           NO.2 FARM "E" BORE TIPPERARY STATION                                                                                                                                                                                                                            125.00                                  Historical                                         Production                                                                                           1986-04-03 00:00:00                                2030.000                                2320.000                                7.200
6181        RN006464                                           NO.2 FARM "E" BORE TIPPERARY STATION                                                                                                                                                                                                                            125.00                                  Historical                                         Production                                                                                           1969-04-19 00:00:00                                1900.000                                1950.000                                7.000
4693        RN004942                                           SHADY CAMP NO 4 ROSEWOOD STN                                                                                                                                                                                                                                    120.60                                  Current                                            Production                                                                                           1969-06-04 00:00:00                                810.000                                 700.000                                 6.800
4693        RN004942                                           SHADY CAMP NO 4 ROSEWOOD STN                                                                                                                                                                                                                                    120.60                                  Current                                            Production                                                                                           1993-08-26 00:00:00                                602.000                                 957.000                                 8.400
4693        RN004942                                           SHADY CAMP NO 4 ROSEWOOD STN                                                                                                                                                                                                                                    120.60                                  Current                                            Production                                                                                           1993-08-26 00:00:00                                490.000                                 796.000                                 8.200
35384       RN036685                                           OOLLOO FARM MANAGEMENT (MANGO LAND PTY LTD)                                                                                                                                                                                                                     100.00                                  Current                                            Production                                                                                           2010-10-23 00:00:00                                1040.000                                1630.000                                7.000
35384       RN036685                                           OOLLOO FARM MANAGEMENT (MANGO LAND PTY LTD)                                                                                                                                                                                                                     100.00                                  Current                                            Production                                                                                           2018-07-18 00:00:00                                910.000                                 1400.000                                7.500
12966       RN013407                                           P 21 [PROD-USE] 34M N OF RN 12808 ROE CREEK                                                                                                                                                                                                                     100.00                                  Current                                            Unknown                                                                                              1978-02-13 00:00:00                                580.000                                 940.000                                 7.800

(20 rows affected)

UFI         STATION                                            STATION_NA                                                                                                                                                                                                                                                      ACTIVE                                             BORE_NO                                            BORE_NAME                                                                                                                                                                                                                                                       STATUS                                             PURPOSE                                                                                              RISK_CLASS                              YIELD
----------- -------------------------------------------------- --------------------------------------------------------------------------------------------------------------------------------------------------------------------------------------------------------------------------------------------------------------- -------------------------------------------------- -------------------------------------------------- --------------------------------------------------------------------------------------------------------------------------------------------------------------------------------------------------------------------------------------------------------------- -------------------------------------------------- ---------------------------------------------------------------------------------------------------- --------------------------------------- ---------------------------------------
30          G0050115                                           Hugh River - S Road Xng                                                                                                                                                                                                                                         Current                                            RN000029                                           NO3 DUD [NO DATA-NO TRACE] ??2K NNW OF EPSOMS MILL RN13                                                                                                                                                                                                         Current                                            Production                                                                                           4.0                                     0.00
42          G0050139                                           Finke River - Hermannsberg Misson                                                                                                                                                                                                                               Not Current                                        RN000041                                           NO 6A FREWENA ROADHOUSE                                                                                                                                                                                                                                         Current                                            Unknown                                                                                              4.0                                     NULL
66          G0060008                                           Roe Crk - S Road Xng                                                                                                                                                                                                                                            Current                                            RN000066                                           Beantree Bore #13 10km South of #37 Bore RN002119                                                                                                                                                                                                               Current                                            Production                                                                                           3.0                                     0.50
72          G0060009                                           Todd River - Anzac Oval                                                                                                                                                                                                                                         Current                                            RN000072                                           ARMY NO 65 S=231                                                                                                                                                                                                                                                Current                                            Production                                                                                           1.0                                     0.76
88          G0060040                                           Todd River - Amoonguna                                                                                                                                                                                                                                          Current                                            RN000088                                           RAAF NO 209 COOMALIE AIRSTRIP                                                                                                                                                                                                                                   Current                                            Unknown                                                                                              2.0                                     0.75
99          G0060046                                           Todd River - Wigley Gorge                                                                                                                                                                                                                                       Current                                            RN000099                                           RAAF NO 239 YANYULA DRIVE                                                                                                                                                                                                                                       Current                                            Production                                                                                           2.0                                     1.20
105         G0060047                                           Charles River - Big Dipper                                                                                                                                                                                                                                      Current                                            RN000105                                           NO 4 HELEN SPRINGS STN                                                                                                                                                                                                                                          Current                                            Production                                                                                           2.0                                     1.50
107         G0060126                                           Todd River - Heavitree Gap                                                                                                                                                                                                                                      Current                                            RN000107                                           ARMY NO 581 GORRIE                                                                                                                                                                                                                                              Historical                                         Unknown                                                                                              4.0                                     0.90
126         G0260005                                           Kintore Crk                                                                                                                                                                                                                                                     Not Current                                        RN000126                                           RAAF NO 337 FOUNTAIN HEAD RD                                                                                                                                                                                                                                    Historical                                         Unknown                                                                                              4.0                                     NULL
135         G0280005                                           Newcastle Crk - Longreach W/Hole                                                                                                                                                                                                                                Not Current                                        RN000135                                           RAAF NO 208 COOMALIE AIRSTRIP                                                                                                                                                                                                                                   Current                                            Production                                                                                           2.0                                     0.80
147         G0280010                                           Woodforde River - Arden Soak                                                                                                                                                                                                                                    Current                                            RN000150                                           ARMY NO. 378B BIRDUM ZONES 4 & 5 KATHERINE                                                                                                                                                                                                                      Current                                            Unknown                                                                                              1.0                                     2.14
156         G0280125                                           Newcastle Crk - Newcastle Waters                                                                                                                                                                                                                                Not Current                                        RN000160                                           RAAF NO 10 A COOMALIE AIRSTRIP                                                                                                                                                                                                                                  Current                                            Unknown                                                                                              2.0                                     0.60
165         G0290002                                           Maryanne Crk - Maryanne Dam                                                                                                                                                                                                                                     Not Current                                        RN000170                                           PAPUNYA NO 2.BILRINYA. DUD 100H HAASTS BLUFF.                                                                                                                                                                                                                   Historical                                         Production                                                                                           3.0                                     0.13
166         G0290003                                           Frew River - Epenarra Homestead                                                                                                                                                                                                                                 Not Current                                        RN000171                                           NO 1 BERRIMAH FARM                                                                                                                                                                                                                                              Current                                            Production                                                                                           4.0                                     NULL
206         G8100106                                           Border Crk - Weaber Range                                                                                                                                                                                                                                       Current                                            RN000215                                           BORE NO 258M.STOCK  NO TRACE BARKLY HIGHWAY SOME WHERE.                                                                                                                                                                                                         Current                                            Unknown                                                                                              4.0                                     NULL
231         G8100210                                           Sandy Crk - Legune Rd Xng                                                                                                                                                                                                                                       Current                                            RN000240                                           ARMY  NO.117 WEST OF 61 MILE STUART H/WAY                                                                                                                                                                                                                       Current                                            Unknown                                                                                              2.0                                     0.60
232         G8100225                                           Keep River - Legune Rd Xng                                                                                                                                                                                                                                      Current                                            RN000241                                           ARMY NO 118 1139 MENMUIR ST                                                                                                                                                                                                                                     Current                                            Production                                                                                           1.0                                     1.81
251         G8110002                                           Victoria River Tidal - Bradshaw Xng                                                                                                                                                                                                                             Not Current                                        RN000260                                           ARMY NO 137 S=1248                                                                                                                                                                                                                                              Current                                            Production                                                                                           1.0                                     1.13
255         G8110004                                           East Baines River - U/S Victoria Hwy                                                                                                                                                                                                                            Current                                            RN000264                                           ARMY NO 142 L=62 S=367                                                                                                                                                                                                                                          Current                                            Production                                                                                           2.0                                     0.63
259         G8110005                                           Timber Crk - Police Station                                                                                                                                                                                                                                     Current                                            RN000268                                           METCALFE A S=354                                                                                                                                                                                                                                                Current                                            Production                                                                                           2.0                                     1.60

(20 rows affected)


Completion time: 2026-09-11T17:09:34.4634605+09:30
