TotalSamples UniqueBores
------------ -----------
84769        16929

(1 row affected)

AveragePH                               MinimumPH                               MaximumPH
--------------------------------------- --------------------------------------- ---------------------------------------
7.180399                                2.000                                   12.400

(1 row affected)

AverageEC                               MinimumEC                               MaximumEC
--------------------------------------- --------------------------------------- ---------------------------------------
2124.047939                             3.500                                   125380.000

(1 row affected)

AverageTDS                              MinimumTDS                              MaximumTDS
--------------------------------------- --------------------------------------- ---------------------------------------
1261.507152                             3.000                                   79500.000

(1 row affected)

AverageHardness                         MinimumHardness                         MaximumHardness
--------------------------------------- --------------------------------------- ---------------------------------------
484.258857                              0.340                                   45100.000

(1 row affected)

BORE_NO                                            SAMPLEDATE                                         PH_LAB                                  EC_LAB                                  TDS                                     HARD                                    CHLORIDE
-------------------------------------------------- -------------------------------------------------- --------------------------------------- --------------------------------------- --------------------------------------- --------------------------------------- ---------------------------------------
RN015529                                           1989-08-04 00:00:00                                7.200                                   97500.000                               79500.000                               10044.000                               40740.000
RN027850                                           1991-10-07 00:00:00                                6.100                                   109000.000                              59835.000                               10836.000                               30690.000
RN027850                                           1991-10-07 00:00:00                                NULL                                    NULL                                    59780.000                               NULL                                    NULL
RN027850                                           1991-10-07 00:00:00                                NULL                                    NULL                                    58365.000                               NULL                                    NULL
RN004708                                           1964-09-10 00:00:00                                7.500                                   NULL                                    58300.000                               7700.000                                13680.000
RN015933                                           1991-04-10 00:00:00                                7.800                                   72200.000                               57995.000                               9780.000                                25220.000
RN004960                                           1966-05-10 00:00:00                                NULL                                    NULL                                    56050.000                               NULL                                    NULL
RN015932                                           1991-04-09 00:00:00                                7.700                                   71200.000                               54935.000                               8979.000                                25725.000
RN027850                                           1994-10-26 00:00:00                                6.200                                   72200.000                               54800.000                               10200.000                               30250.000
RN011786                                           1978-03-07 00:00:00                                NULL                                    NULL                                    54000.000                               NULL                                    NULL

(10 rows affected)

BORE_NO                                            SAMPLEDATE                                         PH_LAB                                  EC_LAB                                  TDS                                     HARD
-------------------------------------------------- -------------------------------------------------- --------------------------------------- --------------------------------------- --------------------------------------- ---------------------------------------
RN007457                                           1970-11-28 00:00:00                                7.500                                   125380.000                              NULL                                    16500.000
RN025711                                           1988-06-15 00:00:00                                NULL                                    110000.000                              NULL                                    NULL
RN027850                                           1991-10-07 00:00:00                                6.100                                   109000.000                              59835.000                               10836.000
RN013292                                           1981-10-27 00:00:00                                6.900                                   106500.000                              NULL                                    NULL
RN015529                                           1989-08-04 00:00:00                                7.200                                   97500.000                               79500.000                               10044.000
RN010406                                           1972-06-15 00:00:00                                7.000                                   90310.000                               NULL                                    15300.000
RN005792                                           1967-07-12 00:00:00                                NULL                                    86000.000                               NULL                                    NULL
RN027600                                           1991-05-02 00:00:00                                7.200                                   86000.000                               NULL                                    11000.000
RN015379                                           1988-10-01 00:00:00                                7.500                                   81500.000                               NULL                                    2550.000
RN008472                                           1974-10-08 00:00:00                                NULL                                    79530.000                               NULL                                    NULL

(10 rows affected)


Completion time: 2026-09-11T17:04:18.8720726+09:30
